Release 12.4 - xst M.81d (nt)
Copyright (c) 1995-2010 Xilinx, Inc.  All rights reserved.
--> Parameter TMPDIR set to xst/projnav.tmp


Total REAL time to Xst completion: 0.00 secs
Total CPU time to Xst completion: 0.08 secs
 
--> Parameter xsthdpdir set to xst


Total REAL time to Xst completion: 0.00 secs
Total CPU time to Xst completion: 0.08 secs
 
--> Reading design: EncodedMemory.prj

TABLE OF CONTENTS
  1) Synthesis Options Summary
  2) HDL Compilation
  3) Design Hierarchy Analysis
  4) HDL Analysis
  5) HDL Synthesis
     5.1) HDL Synthesis Report
  6) Advanced HDL Synthesis
     6.1) Advanced HDL Synthesis Report
  7) Low Level Synthesis
  8) Partition Report
  9) Final Report
	9.1) Device utilization summary
	9.2) Partition Resource Summary
	9.3) TIMING REPORT


=========================================================================
*                      Synthesis Options Summary                        *
=========================================================================
---- Source Parameters
Input File Name                    : "EncodedMemory.prj"
Input Format                       : mixed
Ignore Synthesis Constraint File   : NO

---- Target Parameters
Output File Name                   : "EncodedMemory"
Output Format                      : NGC
Target Device                      : xc3s250e-5-cp132

---- Source Options
Top Module Name                    : EncodedMemory
Automatic FSM Extraction           : YES
FSM Encoding Algorithm             : Auto
Safe Implementation                : No
FSM Style                          : LUT
RAM Extraction                     : Yes
RAM Style                          : Auto
ROM Extraction                     : Yes
Mux Style                          : Auto
Decoder Extraction                 : YES
Priority Encoder Extraction        : Yes
Shift Register Extraction          : YES
Logical Shifter Extraction         : YES
XOR Collapsing                     : YES
ROM Style                          : Auto
Mux Extraction                     : Yes
Resource Sharing                   : YES
Asynchronous To Synchronous        : NO
Multiplier Style                   : Auto
Automatic Register Balancing       : No

---- Target Options
Add IO Buffers                     : YES
Global Maximum Fanout              : 500
Add Generic Clock Buffer(BUFG)     : 24
Register Duplication               : YES
Slice Packing                      : YES
Optimize Instantiated Primitives   : NO
Use Clock Enable                   : Yes
Use Synchronous Set                : Yes
Use Synchronous Reset              : Yes
Pack IO Registers into IOBs        : Auto
Equivalent register Removal        : YES

---- General Options
Optimization Goal                  : Speed
Optimization Effort                : 1
Keep Hierarchy                     : No
Netlist Hierarchy                  : As_Optimized
RTL Output                         : Yes
Global Optimization                : AllClockNets
Read Cores                         : YES
Write Timing Constraints           : NO
Cross Clock Analysis               : NO
Hierarchy Separator                : /
Bus Delimiter                      : <>
Case Specifier                     : Maintain
Slice Utilization Ratio            : 100
BRAM Utilization Ratio             : 100
Verilog 2001                       : YES
Auto BRAM Packing                  : NO
Slice Utilization Ratio Delta      : 5

=========================================================================


=========================================================================
*                          HDL Compilation                              *
=========================================================================
Compiling verilog file "lab4_1.v" in library work
Module <ROM> compiled
Module <XOR_RAM> compiled
Module <EncodedMemory> compiled
No errors in compilation
Analysis of file <"EncodedMemory.prj"> succeeded.
 

=========================================================================
*                     Design Hierarchy Analysis                         *
=========================================================================
Analyzing hierarchy for module <EncodedMemory> in library <work>.

Analyzing hierarchy for module <ROM> in library <work>.

Analyzing hierarchy for module <XOR_RAM> in library <work>.


=========================================================================
*                            HDL Analysis                               *
=========================================================================
Analyzing top module <EncodedMemory>.
Module <EncodedMemory> is correct for synthesis.
 
Analyzing module <ROM> in library <work>.
WARNING:Xst:905 - "lab4_1.v" line 18: One or more signals are missing in the sensitivity list of always block. To enable synthesis of FPGA/CPLD hardware, XST will assume that all necessary signals are present in the sensitivity list. Please note that the result of the synthesis may differ from the initial design specification. The missing signals are:
   <rom>
Module <ROM> is correct for synthesis.
 
Analyzing module <XOR_RAM> in library <work>.
WARNING:Xst:905 - "lab4_1.v" line 47: One or more signals are missing in the sensitivity list of always block. To enable synthesis of FPGA/CPLD hardware, XST will assume that all necessary signals are present in the sensitivity list. Please note that the result of the synthesis may differ from the initial design specification. The missing signals are:
   <mode>, <ram>
Module <XOR_RAM> is correct for synthesis.
 

=========================================================================
*                           HDL Synthesis                               *
=========================================================================

Performing bidirectional port resolution...

Synthesizing Unit <ROM>.
    Related source file is "lab4_1.v".
WARNING:Xst:1781 - Signal <rom> is used but never assigned. Tied to default value.
    Found 8x8-bit ROM for signal <dataOut>.
    Summary:
	inferred   1 ROM(s).
Unit <ROM> synthesized.


Synthesizing Unit <XOR_RAM>.
    Related source file is "lab4_1.v".
    Found 8x8-bit single-port RAM <Mram_ram> for signal <ram>.
WARNING:Xst:737 - Found 8-bit latch for signal <dataOut>. Latches may be generated from incomplete case or if statements. We do not recommend the use of latches in FPGA/CPLD designs, as they may lead to timing problems.
    Found 8-bit xor2 for signal <$xor0000> created at line 54.
    Summary:
	inferred   1 RAM(s).
Unit <XOR_RAM> synthesized.


Synthesizing Unit <EncodedMemory>.
    Related source file is "lab4_1.v".
Unit <EncodedMemory> synthesized.


=========================================================================
HDL Synthesis Report

Macro Statistics
# RAMs                                                 : 1
 8x8-bit single-port RAM                               : 1
# ROMs                                                 : 1
 8x8-bit ROM                                           : 1
# Latches                                              : 1
 8-bit latch                                           : 1
# Xors                                                 : 1
 8-bit xor2                                            : 1

=========================================================================

=========================================================================
*                       Advanced HDL Synthesis                          *
=========================================================================


Synthesizing (advanced) Unit <XOR_RAM>.
INFO:Xst:3031 - HDL ADVISOR - The RAM <Mram_ram> will be implemented on LUTs either because you have described an asynchronous read or because of currently unsupported block RAM features. If you have described an asynchronous read, making it synchronous would allow you to take advantage of available block RAM resources, for optimized device usage and improved timings. Please refer to your documentation for coding guidelines.
    -----------------------------------------------------------------------
    | ram_type           | Distributed                         |          |
    -----------------------------------------------------------------------
    | Port A                                                              |
    |     aspect ratio   | 8-word x 8-bit                      |          |
    |     clkA           | connected to signal <CLK>           | rise     |
    |     weA            | connected to signal <mode>          | low      |
    |     addrA          | connected to signal <addr>          |          |
    |     diA            | connected to internal node          |          |
    |     doA            | connected to internal node          |          |
    -----------------------------------------------------------------------
Unit <XOR_RAM> synthesized (advanced).

=========================================================================
Advanced HDL Synthesis Report

Macro Statistics
# RAMs                                                 : 1
 8x8-bit single-port distributed RAM                   : 1
# ROMs                                                 : 1
 8x8-bit ROM                                           : 1
# Latches                                              : 1
 8-bit latch                                           : 1
# Xors                                                 : 1
 8-bit xor2                                            : 1

=========================================================================

=========================================================================
*                         Low Level Synthesis                           *
=========================================================================

Optimizing unit <EncodedMemory> ...

Mapping all equations...
Building and optimizing final netlist ...
Found area constraint ratio of 100 (+ 5) on block EncodedMemory, actual ratio is 0.

Final Macro Processing ...

=========================================================================
Final Register Report

Found no macro
=========================================================================

=========================================================================
*                           Partition Report                            *
=========================================================================

Partition Implementation Status
-------------------------------

  No Partitions were found in this design.

-------------------------------

=========================================================================
*                            Final Report                               *
=========================================================================
Final Results
RTL Top Level Output File Name     : EncodedMemory.ngr
Top Level Output File Name         : EncodedMemory
Output Format                      : NGC
Optimization Goal                  : Speed
Keep Hierarchy                     : No

Design Statistics
# IOs                              : 21

Cell Usage :
# BELS                             : 10
#      GND                         : 1
#      INV                         : 1
#      LUT2                        : 2
#      LUT4                        : 6
# FlipFlops/Latches                : 8
#      LD                          : 8
# RAMS                             : 8
#      RAM16X1S                    : 8
# Clock Buffers                    : 2
#      BUFG                        : 1
#      BUFGP                       : 1
# IO Buffers                       : 20
#      IBUF                        : 12
#      OBUF                        : 8
=========================================================================

Device utilization summary:
---------------------------

Selected Device : 3s250ecp132-5 

 Number of Slices:                        9  out of   2448     0%  
 Number of 4 input LUTs:                 17  out of   4896     0%  
    Number used as logic:                 9
    Number used as RAMs:                  8
 Number of IOs:                          21
 Number of bonded IOBs:                  21  out of     92    22%  
    IOB Flip Flops:                       8
 Number of GCLKs:                         2  out of     24     8%  

---------------------------
Partition Resource Summary:
---------------------------

  No Partitions were found in this design.

---------------------------


=========================================================================
TIMING REPORT

NOTE: THESE TIMING NUMBERS ARE ONLY A SYNTHESIS ESTIMATE.
      FOR ACCURATE TIMING INFORMATION PLEASE REFER TO THE TRACE REPORT
      GENERATED AFTER PLACE-and-ROUTE.

Clock Information:
------------------
-----------------------------------+------------------------+-------+
Clock Signal                       | Clock buffer(FF name)  | Load  |
-----------------------------------+------------------------+-------+
CLK                                | BUFGP                  | 8     |
mode                               | IBUF+BUFG              | 8     |
-----------------------------------+------------------------+-------+

Asynchronous Control Signals Information:
----------------------------------------
No asynchronous control signals found in this design

Timing Summary:
---------------
Speed Grade: -5

   Minimum period: No path found
   Minimum input arrival time before clock: 3.818ns
   Maximum output required time after clock: 4.114ns
   Maximum combinational path delay: No path found

Timing Detail:
--------------
All values displayed in nanoseconds (ns)

=========================================================================
Timing constraint: Default OFFSET IN BEFORE for Clock 'mode'
  Total number of paths / destination ports: 24 / 8
-------------------------------------------------------------------------
Offset:              3.818ns (Levels of Logic = 2)
  Source:            index<1> (PAD)
  Destination:       XR/dataOut_0 (LATCH)
  Destination Clock: mode falling

  Data Path: index<1> to XR/dataOut_0
                                Gate     Net
    Cell:in->out      fanout   Delay   Delay  Logical Name (Net Name)
    ----------------------------------------  ------------
     IBUF:I->O            23   1.106   1.022  index_1_IBUF (R/Mrom_dataOut5)
     RAM16X1S:A1->O        1   1.065   0.357  XR/Mram_ram2 (XR/_varindex0000<1>)
     LD:D                      0.268          XR/dataOut_1
    ----------------------------------------
    Total                      3.818ns (2.439ns logic, 1.379ns route)
                                       (63.9% logic, 36.1% route)

=========================================================================
Timing constraint: Default OFFSET IN BEFORE for Clock 'CLK'
  Total number of paths / destination ports: 60 / 40
-------------------------------------------------------------------------
Offset:              3.275ns (Levels of Logic = 2)
  Source:            index<0> (PAD)
  Destination:       XR/Mram_ram1 (RAM)
  Destination Clock: CLK rising

  Data Path: index<0> to XR/Mram_ram1
                                Gate     Net
    Cell:in->out      fanout   Delay   Delay  Logical Name (Net Name)
    ----------------------------------------  ------------
     IBUF:I->O            23   1.106   1.174  index_0_IBUF (R/Mrom_dataOut)
     LUT2:I0->O            1   0.612   0.000  XR/Mxor__xor0000_Result<0>1 (XR/_xor0000<0>)
     RAM16X1S:D                0.383          XR/Mram_ram1
    ----------------------------------------
    Total                      3.275ns (2.101ns logic, 1.174ns route)
                                       (64.2% logic, 35.8% route)

=========================================================================
Timing constraint: Default OFFSET OUT AFTER for Clock 'mode'
  Total number of paths / destination ports: 8 / 8
-------------------------------------------------------------------------
Offset:              4.114ns (Levels of Logic = 1)
  Source:            XR/dataOut_7 (LATCH)
  Destination:       result<7> (PAD)
  Source Clock:      mode falling

  Data Path: XR/dataOut_7 to result<7>
                                Gate     Net
    Cell:in->out      fanout   Delay   Delay  Logical Name (Net Name)
    ----------------------------------------  ------------
     LD:G->Q               1   0.588   0.357  XR/dataOut_7 (XR/dataOut_7)
     OBUF:I->O                 3.169          result_7_OBUF (result<7>)
    ----------------------------------------
    Total                      4.114ns (3.757ns logic, 0.357ns route)
                                       (91.3% logic, 8.7% route)

=========================================================================


Total REAL time to Xst completion: 2.00 secs
Total CPU time to Xst completion: 1.92 secs
 
--> 

Total memory usage is 224920 kilobytes

Number of errors   :    0 (   0 filtered)
Number of warnings :    4 (   0 filtered)
Number of infos    :    1 (   0 filtered)

